// Jest Snapshot v1, https://goo.gl/fbAQLP

exports[`<App /> should match its reference snapshot 1`] = `
<div
  className="App"
>
  <header
    className="App-header"
  >
    <img
      alt="logo"
      className="App-logo"
      src="logo.svg"
    />
    <p>
      To do list in React !
    </p>
  </header>
  <button
    name="deleteButton"
    onClick={[Function]}
    type="button"
  >
    Delete
  </button>
  <button
    name="finishedButton"
    onClick={[Function]}
    type="button"
  >
    Finished
  </button>
  <TaskInput
    onStored={[Function]}
  />
</div>
`;
